---
source: crates/simplexpr/src/parser/lexer.rs
expression: "Lexer::new(0, r#\"(foo + - \"()\" \"a\\\"b\" true false [] 12.2)\"#).collect_vec()"

---
[
    Ok(
        (
            0,
            LPren,
            1,
        ),
    ),
    Ok(
        (
            1,
            Ident(
                "foo",
            ),
            4,
        ),
    ),
    Ok(
        (
            5,
            Plus,
            6,
        ),
    ),
    Ok(
        (
            7,
            Minus,
            8,
        ),
    ),
    Ok(
        (
            9,
            StrLit(
                "\"()\"",
            ),
            13,
        ),
    ),
    Ok(
        (
            14,
            StrLit(
                "\"a\"b\"",
            ),
            20,
        ),
    ),
    Ok(
        (
            21,
            True,
            25,
        ),
    ),
    Ok(
        (
            26,
            False,
            31,
        ),
    ),
    Ok(
        (
            32,
            LBrack,
            33,
        ),
    ),
    Ok(
        (
            33,
            RBrack,
            34,
        ),
    ),
    Ok(
        (
            35,
            NumLit(
                "12.2",
            ),
            39,
        ),
    ),
    Ok(
        (
            39,
            RPren,
            40,
        ),
    ),
]
