---
source: crates/yuck/src/parser/lexer.rs
expression: "Lexer::new(0, r#\"{ bla \"} \\\" }\" \" \\\" \"}\"#.to_string()).collect_vec()"

---
[
    Ok(
        (
            0,
            SimplExpr(
                "{ bla \"} \\\" }\" \" \\\" \"}",
            ),
            21,
        ),
    ),
]
