---
source: crates/yuck/src/config/test.rs
expression: config.unwrap()

---
Config(
  widget_definitions: {
    "bar": WidgetDefinition(
      name: "bar",
      expected_args: [
        AttrSpec(
          name: AttrName("arg"),
          optional: false,
          span: Span(25, 28, 0),
        ),
        AttrSpec(
          name: AttrName("arg2"),
          optional: false,
          span: Span(29, 33, 0),
        ),
      ],
      widget: Basic(BasicWidgetUse(
        name: "foo",
        attrs: Attributes(
          span: Span(51, 61, 0),
          attrs: {
            AttrName("arg"): AttrEntry(
              key_span: Span(52, 56, 0),
              value: SimplExpr(Span(57, 61, 0), Literal(DynVal("hi", Span(57, 61, 0)))),
            ),
          },
        ),
        children: [],
        span: Span(47, 62, 0),
        name_span: Span(48, 51, 0),
      )),
      span: Span(9, 63, 0),
      args_span: Span(24, 34, 0),
    ),
  },
  window_definitions: {
    "some-window": WindowDefinition(
      name: "some-window",
      expected_args: [],
      args_span: Span(18446744073709551615, 18446744073709551615, 18446744073709551615),
      geometry: Some(WindowGeometry(
        anchor_point: AnchorPoint(
          x: START,
          y: START,
        ),
        offset: Coords(
          x: Pixels(0),
          y: Pixels(0),
        ),
        size: Coords(
          x: Percent(12),
          y: Pixels(20),
        ),
      )),
      stacking: Foreground,
      monitor_number: Some(Literal(DynVal("12", Span(278, 280, 0)))),
      widget: Basic(BasicWidgetUse(
        name: "bar",
        attrs: Attributes(
          span: Span(467, 478, 0),
          attrs: {
            AttrName("arg"): AttrEntry(
              key_span: Span(468, 472, 0),
              value: SimplExpr(Span(473, 478, 0), Literal(DynVal("bla", Span(473, 478, 0)))),
            ),
          },
        ),
        children: [],
        span: Span(463, 479, 0),
        name_span: Span(464, 467, 0),
      )),
      resizable: true,
      backend_options: BackendWindowOptions(
        wm_ignore: false,
        sticky: true,
        window_type: Dock,
        struts: StrutDefinition(
          side: Left,
          dist: Pixels(30),
        ),
      ),
    ),
    "some-window-with-args": WindowDefinition(
      name: "some-window-with-args",
      expected_args: [
        AttrSpec(
          name: AttrName("arg"),
          optional: false,
          span: Span(523, 526, 0),
        ),
        AttrSpec(
          name: AttrName("arg2"),
          optional: false,
          span: Span(527, 531, 0),
        ),
      ],
      args_span: Span(522, 532, 0),
      geometry: Some(WindowGeometry(
        anchor_point: AnchorPoint(
          x: START,
          y: START,
        ),
        offset: Coords(
          x: Pixels(0),
          y: Pixels(0),
        ),
        size: Coords(
          x: Percent(12),
          y: Pixels(20),
        ),
      )),
      stacking: Foreground,
      monitor_number: Some(Literal(DynVal("12", Span(595, 597, 0)))),
      widget: Basic(BasicWidgetUse(
        name: "bar",
        attrs: Attributes(
          span: Span(784, 795, 0),
          attrs: {
            AttrName("arg"): AttrEntry(
              key_span: Span(785, 789, 0),
              value: SimplExpr(Span(790, 795, 0), Literal(DynVal("bla", Span(790, 795, 0)))),
            ),
          },
        ),
        children: [],
        span: Span(780, 796, 0),
        name_span: Span(781, 784, 0),
      )),
      resizable: true,
      backend_options: BackendWindowOptions(
        wm_ignore: false,
        sticky: true,
        window_type: Dock,
        struts: StrutDefinition(
          side: Left,
          dist: Pixels(30),
        ),
      ),
    ),
  },
  var_definitions: {
    VarName("some_var"): VarDefinition(
      name: VarName("some_var"),
      initial_value: DynVal("bla", Span(89, 94, 0)),
      span: Span(72, 95, 0),
    ),
  },
  script_vars: {
    VarName("stuff"): Listen(ListenScriptVar(
      name: VarName("stuff"),
      command: "tail -f stuff",
      initial_value: DynVal("", Span(18446744073709551615, 18446744073709551615, 18446744073709551615)),
      command_span: Span(168, 183, 0),
      name_span: Span(162, 167, 0),
    )),
  },
)
