---
source: src/main.rs
expression: "p.parse(\"(+ (1 2 (* 2 5)))\")"

---
Ok(
    List(
        0..17,
        [
            Symbol(
                1..2,
                "+",
            ),
            List(
                3..16,
                [
                    Number(
                        4..5,
                        1,
                    ),
                    Number(
                        6..7,
                        2,
                    ),
                    List(
                        8..15,
                        [
                            Symbol(
                                9..10,
                                "*",
                            ),
                            Number(
                                11..12,
                                2,
                            ),
                            Number(
                                13..14,
                                5,
                            ),
                        ],
                    ),
                ],
            ),
        ],
    ),
)
