---
source: src/main.rs
expression: "p.parse(\"(1 :foo 1)\")"

---
Ok(
    List(
        0..10,
        [
            Number(
                1..2,
                1,
            ),
            Keyword(
                3..7,
                ":foo",
            ),
            Number(
                8..9,
                1,
            ),
        ],
    ),
)
